
> frontend@0.0.0 build
> vite build

[36mvite v8.0.9 [32mbuilding client environment for production...[36m[39m
[2K
transforming...Γ£ô 15 modules transformed.
node.exe : [31mΓ£ù[39m Build failed in 1.92s
At line:1 char:1
+ & "C:\Program Files\nodejs/node.exe" "C:\Users\Mansi\AppData\Roaming\ ...
+ ~~~~~~~~~~~~~~~~~~~~~~~~~~~~~~~~~~~~~~~~~~~~~~~~~~~~~~~~~~~~~~~~~~~~~
    + CategoryInfo          : NotSpecified: ([31mΓ£ù[39m Build failed in 1.92s:String) [], RemoteException
    + FullyQualifiedErrorId : NativeCommandError
 
[31merror during build:
[31mBuild failed with 1 error:

[31m[builtin:vite-transform] Error:[0m A module cannot have multiple default exports.
     [38;5;246mΓò¡[0m[38;5;246mΓöÇ[0m[38;5;246m[[0m src/App.jsx:24:8 [38;5;246m][0m
     [38;5;246mΓöé[0m
 [38;5;246m 24 Γöé[0m 
[38;5;249me[0m[38;5;249mx[0m[38;5;249mp[0m[38;5;249mo[0m[38;5;249mr[0m[38;5;249mt[0m[38;5;249m 
[0mdefault[38;5;249m [0m[38;5;249mf[0m[38;5;249mu[0m[38;5;249mn[0m[38;5;249mc[0m[38;5;249mt[0m[38;5;249mi
[0m[38;5;249mo[0m[38;5;249mn[0m[38;5;249m 
[0m[38;5;249mA[0m[38;5;249mp[0m[38;5;249mp[0m[38;5;249m([0m[38;5;249m)[0m[38;5;249m [0m[38;5;249m{[0m
 [38;5;240m    Γöé[0m        ΓöÇΓöÇΓöÇΓö¼ΓöÇΓöÇΓöÇ  
 [38;5;240m    Γöé[0m           Γò░ΓöÇΓöÇΓöÇΓöÇΓöÇ 
 [38;5;240m    Γöé[0m 
 [38;5;246m737 Γöé[0m 
[38;5;249me[0m[38;5;249mx[0m[38;5;249mp[0m[38;5;249mo[0m[38;5;249mr[0m[38;5;249mt[0m[38;5;249m 
[0mdefault[38;5;249m [0m[38;5;249mA[0m[38;5;249mp[0m[38;5;249mp[0m[38;5;249m;[0m
 [38;5;240m    Γöé[0m        ΓöÇΓöÇΓöÇΓö¼ΓöÇΓöÇΓöÇ  
 [38;5;240m    Γöé[0m           Γò░ΓöÇΓöÇΓöÇΓöÇΓöÇ 
[38;5;246mΓöÇΓöÇΓöÇΓöÇΓöÇΓò»[0m
[31m
    at aggregateBindingErrorsIntoJsError 
(file:///C:/Users/Mansi/Downloads/LegalAI/frontend/node_modules/rolldown/dist/shared/error-DAA7ncC5.mjs:48:18)
    at unwrapBindingResult 
(file:///C:/Users/Mansi/Downloads/LegalAI/frontend/node_modules/rolldown/dist/shared/error-DAA7ncC5.mjs:18:128)
    at #build (file:///C:/Users/Mansi/Downloads/LegalAI/frontend/node_modules/rolldown/dist/shared/rolldown-build-BPKCF
YpX.mjs:3317:34)
    at async buildEnvironment 
(file:///C:/Users/Mansi/Downloads/LegalAI/frontend/node_modules/vite/dist/node/chunks/node.js:32999:64)
    at async Object.build 
(file:///C:/Users/Mansi/Downloads/LegalAI/frontend/node_modules/vite/dist/node/chunks/node.js:33421:19)
    at async Object.buildApp 
(file:///C:/Users/Mansi/Downloads/LegalAI/frontend/node_modules/vite/dist/node/chunks/node.js:33418:153)
    at async CAC.<anonymous> 
(file:///C:/Users/Mansi/Downloads/LegalAI/frontend/node_modules/vite/dist/node/cli.js:778:3) {
  errors: [Getter/Setter]
}[39m
